// Jest Snapshot v1, https://goo.gl/fbAQLP

exports[`DocumentViever should render 1`] = `"<div id=\\"nBi6IrbyE\\"><div style=\\"position: relative; height: 200px; width: 200px; overflow: auto; will-change: transform; direction: ltr;\\"><div style=\\"height: 0px; width: 100%;\\"><div style=\\"position: absolute; left: 0px; top: 0px; height: 0px; width: 100%; display: flex;\\"><div style=\\"display: inline-block; height: 100%; width: 30px;\\"><span style=\\"float: right; padding: 0px 0.5em 0px 0px;\\">0</span></div><div style=\\"display: inline-block;\\"></div></div><div style=\\"position: absolute; left: 0px; top: 0px; height: 0px; width: 100%; display: flex;\\"><div style=\\"display: inline-block; height: 100%; width: 30px;\\"><span style=\\"float: right; padding: 0px 0.5em 0px 0px;\\">1</span></div><div style=\\"display: inline-block;\\">Lorem ipsum dolor sit amet, </div></div><div style=\\"position: absolute; left: 0px; top: 0px; height: 0px; width: 100%; display: flex;\\"><div style=\\"display: inline-block; height: 100%; width: 30px;\\"><span style=\\"float: right; padding: 0px 0.5em 0px 0px;\\">2</span></div><div style=\\"display: inline-block;\\">consectetur adipiscing elit. </div></div><div style=\\"position: absolute; left: 0px; top: 0px; height: 0px; width: 100%; display: flex;\\"><div style=\\"display: inline-block; height: 100%; width: 30px;\\"><span style=\\"float: right; padding: 0px 0.5em 0px 0px;\\">3</span></div><div style=\\"display: inline-block;\\">Nunc semper sagittis libero sit amet venenatis. Curabitur</div></div><div style=\\"position: absolute; left: 0px; top: 0px; height: 0px; width: 100%; display: flex;\\"><div style=\\"display: inline-block; height: 100%; width: 30px;\\"><span style=\\"float: right; padding: 0px 0.5em 0px 0px;\\">4</span></div><div style=\\"display: inline-block;\\">nec sem condimentum, volutpat sapien nec, pulvinar felis.</div></div><div style=\\"position: absolute; left: 0px; top: 0px; height: 0px; width: 100%; display: flex;\\"><div style=\\"display: inline-block; height: 100%; width: 30px;\\"><span style=\\"float: right; padding: 0px 0.5em 0px 0px;\\">5</span></div><div style=\\"display: inline-block;\\">Integer orci tellus, bibendum id condimentum sed, tincidunt ac urna.</div></div><div style=\\"position: absolute; left: 0px; top: 0px; height: 0px; width: 100%; display: flex;\\"><div style=\\"display: inline-block; height: 100%; width: 30px;\\"><span style=\\"float: right; padding: 0px 0.5em 0px 0px;\\">6</span></div><div style=\\"display: inline-block;\\">Integer vehicula vel eros ac pulvinar. Sed accumsan lacus purus</div></div><div style=\\"position: absolute; left: 0px; top: 0px; height: 0px; width: 100%; display: flex;\\"><div style=\\"display: inline-block; height: 100%; width: 30px;\\"><span style=\\"float: right; padding: 0px 0.5em 0px 0px;\\">7</span></div><div style=\\"display: inline-block;\\"></div></div></div></div></div>"`;
